// Jest Snapshot v1, https://goo.gl/fbAQLP

exports[`CLI help interface for 'agent java export' should be expected english 1`] = `
"Usage: frodo agent java export [options] [host] [realm] [username] [password]

Export java agents.

Arguments:
  host                       Access Management base URL, e.g.:
                             https://cdk.iam.example.com/am. To use a
                             connection profile, just specify a unique
                             substring.
  realm                      Realm. Specify realm as '/' for the root realm or
                             'realm' or '/parent/child' otherwise. (default:
                             "alpha" for Identity Cloud tenants, "/"
                             otherwise.)
  username                   Username to login with. Must be an admin user with
                             appropriate rights to manage authentication
                             journeys/trees.
  password                   Password.

Options:
  -a, --all                  Export all java agents to a single file. Ignored
                             with -i.
  -A, --all-separate         Export all java agents to separate files
                             (*.javaagent.json) in the current directory.
                             Ignored with -i or -a.
  --curlirize                Output all network calls in curl format.
  --debug                    Debug output during command execution. If
                             specified, may or may not produce additional
                             output helpful for troubleshooting.
  -f, --file <file>          Name of the export file.
  -h, --help                 Help
  -i, --agent-id <agent-id>  Agent id. If specified, -a and -A are ignored.
  -j, --no-metadata          Does not include metadata in the export file.
  -k, --insecure             Allow insecure connections when using SSL/TLS. Has
                             no effect when using a network proxy for https
                             (HTTPS_PROXY=http://<host>:<port>), in that case
                             the proxy must provide this capability. (default:
                             Don't allow insecure connections)
  -m, --type <type>          Override auto-detected deployment type. Valid
                             values for type:
                             classic:  A classic Access Management-only
                             deployment with custom layout and configuration.
                             cloud:    A ForgeRock Identity Cloud environment.
                             forgeops: A ForgeOps CDK or CDM deployment.
                             The detected or provided deployment type controls
                             certain behavior like obtaining an Identity
                             Management admin token or not and whether to
                             export/import referenced email templates or how to
                             walk through the tenant admin login flow of
                             Identity Cloud and handle MFA (choices: "classic",
                             "cloud", "forgeops")
  -S, --sort                 Sorts exported .json file(s) in abc order by key.
  --sa-id <sa-id>            Service account id.
  --sa-jwk-file <file>       File containing the JSON Web Key (JWK) associated
                             with the the service account.
  --verbose                  Verbose output during command execution. If
                             specified, may or may not produce additional
                             output.

Evironment Variables:
  FRODO_HOST: Access Management base URL. Overrides 'host' argument.
  FRODO_REALM: Realm. Overrides 'realm' argument.
  FRODO_USERNAME: Username. Overrides 'username' argument.
  FRODO_PASSWORD: Password. Overrides 'password' argument.
  FRODO_SA_ID: Service account uuid. Overrides '--sa-id' option.
  FRODO_SA_JWK: Service account JWK. Overrides '--sa-jwk-file' option but takes the actual JWK as a value, not a file name.
  FRODO_AUTHENTICATION_SERVICE: Name of a login journey to use.
  FRODO_DEBUG: Set to any value to enable debug output. Same as '--debug'.

"
`;
