// Jest Snapshot v1, https://goo.gl/fbAQLP

exports[`CLI help interface for 'esv variable' should be expected english 1`] = `
"Usage: frodo esv variable [options] [command]

Manage variables.

Options:
  -h, --help      Help

Commands:
  create          Create variables.
  delete          Delete variables.
  describe        Describe variables.
  export          Export variables.
  help [command]  display help for command
  list            List variables.
  set             Set variable descriptions.
"
`;
