// Jest Snapshot v1, https://goo.gl/fbAQLP

exports[`CLI help interface for 'script import' should be expected english 1`] = `
"Usage: frodo script import [options] [host] [realm] [username] [password]

Import scripts.

Arguments:
  host                         Access Management base URL, e.g.:
                               https://cdk.iam.example.com/am. To use a
                               connection profile, just specify a unique
                               substring.
  realm                        Realm. Specify realm as '/' for the root realm
                               or 'realm' or '/parent/child' otherwise.
                               (default: "alpha" for Identity Cloud tenants,
                               "/" otherwise.)
  username                     Username to login with. Must be an admin user
                               with appropriate rights to manage authentication
                               journeys/trees.
  password                     Password.

Options:
  -A, --all-separate           Import all scripts from separate files
                               (*.script.json) in the current directory.
                               Ignored with -n.
  --curlirize                  Output all network calls in curl format.
  -d, --default                Import all scripts including the default
                               scripts.
  -D, --directory <directory>  Set the working directory.
  --debug                      Debug output during command execution. If
                               specified, may or may not produce additional
                               output helpful for troubleshooting.
  -f, --file <file>            Name of the file to import.
  -h, --help                   Help
  -k, --insecure               Allow insecure connections when using SSL/TLS.
                               Has no effect when using a network proxy for
                               https (HTTPS_PROXY=http://<host>:<port>), in
                               that case the proxy must provide this
                               capability. (default: Don't allow insecure
                               connections)
  -m, --type <type>            Override auto-detected deployment type. Valid
                               values for type:
                               classic:  A classic Access Management-only
                               deployment with custom layout and configuration.
  
                               cloud:    A ForgeRock Identity Cloud
                               environment.
                               forgeops: A ForgeOps CDK or CDM deployment.
                               The detected or provided deployment type
                               controls certain behavior like obtaining an
                               Identity Management admin token or not and
                               whether to export/import referenced email
                               templates or how to walk through the tenant
                               admin login flow of Identity Cloud and handle
                               MFA (choices: "classic", "cloud", "forgeops")
  -n, --script-name <name>     Name of the script. If specified, -a and -A are
                               ignored.
  --re-uuid                    Re-UUID. Create a new UUID for the script upon
                               import. Use this to duplicate a script or create
                               a new version of the same script. Note that you
                               must also choose a new name using
                               -n/--script-name to avoid import errors.
                               (default: false)
  -s, --script <script>        DEPRECATED! Use -n/--script-name instead. Name
                               of the script.
  --sa-id <sa-id>              Service account id.
  --sa-jwk-file <file>         File containing the JSON Web Key (JWK)
                               associated with the the service account.
  --verbose                    Verbose output during command execution. If
                               specified, may or may not produce additional
                               output.
  -w, --watch                  Watch for changes to the script files and import
                               the scripts automatically when the file changes.
                               Can only be used with -A. (default: false)

Evironment Variables:
  FRODO_HOST: Access Management base URL. Overrides 'host' argument.
  FRODO_REALM: Realm. Overrides 'realm' argument.
  FRODO_USERNAME: Username. Overrides 'username' argument.
  FRODO_PASSWORD: Password. Overrides 'password' argument.
  FRODO_SA_ID: Service account uuid. Overrides '--sa-id' option.
  FRODO_SA_JWK: Service account JWK. Overrides '--sa-jwk-file' option but takes the actual JWK as a value, not a file name.
  FRODO_CONNECTION_PROFILES_PATH: Use this connection profiles file instead of '~/.frodo/Connections.json'.
  FRODO_AUTHENTICATION_SERVICE: Name of a login journey to use.
  FRODO_DEBUG: Set to any value to enable debug output. Same as '--debug'.
  FRODO_MASTER_KEY_PATH: Use this master key file instead of '~/.frodo/masterkey.key' file.
  FRODO_MASTER_KEY: Use this master key instead of '~/.frodo/masterkey.key' file. Takes precedence over FRODO_MASTER_KEY_PATH.

"
`;
