// Jest Snapshot v1, https://goo.gl/fbAQLP

exports[`CLI help interface for 'theme export' should be expected english 1`] = `
"Usage: frodo theme export [options] [host] [realm] [username] [password]

Export themes.

Arguments:
  host                         Access Management base URL, e.g.:
                               https://cdk.iam.example.com/am. To use a
                               connection profile, just specify a unique
                               substring.
  realm                        Realm. Specify realm as '/' for the root realm
                               or 'realm' or '/parent/child' otherwise.
                               (default: "alpha" for Identity Cloud tenants,
                               "/" otherwise.)
  username                     Username to login with. Must be an admin user
                               with appropriate rights to manage authentication
                               journeys/trees.
  password                     Password.

Options:
  -a, --all                    Export all the themes in a realm to a single
                               file. Ignored with -n and -i.
  -A, --all-separate           Export all the themes in a realm as separate
                               files <theme name>.theme.json. Ignored with -n,
                               -i, and -a.
  --curlirize                  Output all network calls in curl format.
  -D, --directory <directory>  Set the working directory.
  --debug                      Debug output during command execution. If
                               specified, may or may not produce additional
                               output helpful for troubleshooting.
  -f, --file [file]            Name of the file to write the exported theme(s)
                               to. Ignored with -A.
  --flush-cache                Flush token cache.
  -h, --help                   Help
  -i, --theme-id <uuid>        Uuid of the theme. If specified, -a and -A are
                               ignored.
  -k, --insecure               Allow insecure connections when using SSL/TLS.
                               Has no effect when using a network proxy for
                               https (HTTPS_PROXY=http://<host>:<port>), in
                               that case the proxy must provide this
                               capability. (default: Don't allow insecure
                               connections)
  -m, --type <type>            Override auto-detected deployment type. Valid
                               values for type:
                               classic:  A classic Access Management-only
                               deployment with custom layout and configuration.
  
                               cloud:    A ForgeRock Identity Cloud
                               environment.
                               forgeops: A ForgeOps CDK or CDM deployment.
                               The detected or provided deployment type
                               controls certain behavior like obtaining an
                               Identity Management admin token or not and
                               whether to export/import referenced email
                               templates or how to walk through the tenant
                               admin login flow of Identity Cloud and handle
                               MFA (choices: "classic", "cloud", "forgeops")
  -n, --theme-name <name>      Name of the theme. If specified, -a and -A are
                               ignored.
  -N, --no-metadata            Does not include metadata in the export file.
  --no-cache                   Disable token cache for this operation.
  -S, --sort                   Sorts exported .json file(s) in abc order by
                               key.
  --sa-id <sa-id>              Service account id.
  --sa-jwk-file <file>         File containing the JSON Web Key (JWK)
                               associated with the the service account.
  --verbose                    Verbose output during command execution. If
                               specified, may or may not produce additional
                               output.

Evironment Variables:
  FRODO_HOST: Access Management base URL. Overrides 'host' argument.
  FRODO_REALM: Realm. Overrides 'realm' argument.
  FRODO_USERNAME: Username. Overrides 'username' argument.
  FRODO_PASSWORD: Password. Overrides 'password' argument.
  FRODO_SA_ID: Service account uuid. Overrides '--sa-id' option.
  FRODO_SA_JWK: Service account JWK. Overrides '--sa-jwk-file' option but takes the actual JWK as a value, not a file name.
  FRODO_NO_CACHE: Disable token cache. Same as '--no-cache' option.
  FRODO_TOKEN_CACHE_PATH: Use this token cache file instead of '~/.frodo/TokenCache.json'.
  FRODO_CONNECTION_PROFILES_PATH: Use this connection profiles file instead of '~/.frodo/Connections.json'.
  FRODO_AUTHENTICATION_SERVICE: Name of a login journey to use.
  FRODO_DEBUG: Set to any value to enable debug output. Same as '--debug'.
  FRODO_MASTER_KEY_PATH: Use this master key file instead of '~/.frodo/masterkey.key' file.
  FRODO_MASTER_KEY: Use this master key instead of what's in '~/.frodo/masterkey.key'. Takes precedence over FRODO_MASTER_KEY_PATH.

"
`;
