// Jest Snapshot v1, https://goo.gl/fbAQLP

exports[`frodo esv secret describe "frodo esv secret describe --secret-id esv-test-secret": should describe the esv secret "esv-test-secret" 1`] = `
"Name               │esv-test-secret                     
Active Version     │2                                   
Loaded Version     │2                                   
Status             │loaded                              
Description        │Secret Value for testing            
Modified           │8/9/2023, 1:00:01 PM                
Modifier           │b672336b-41ef-428d-ae4a-e0c082875377
Modifier UUID      │b672336b-41ef-428d-ae4a-e0c082875377
Encoding           │generic                             
Use In Placeholders│true                                

Secret Versions:
Version│Status │Loaded  │Created              
      2│active │loaded  │8/9/2023, 12:59:26 PM
      1│deleted│unloaded│9/2/2022, 11:46:36 AM
"
`;

exports[`frodo esv secret describe "frodo esv secret describe -i esv-test-secret": should describe the esv secret "esv-test-secret" 1`] = `
"Name               │esv-test-secret                     
Active Version     │2                                   
Loaded Version     │2                                   
Status             │loaded                              
Description        │Secret Value for testing            
Modified           │8/9/2023, 1:00:01 PM                
Modifier           │b672336b-41ef-428d-ae4a-e0c082875377
Modifier UUID      │b672336b-41ef-428d-ae4a-e0c082875377
Encoding           │generic                             
Use In Placeholders│true                                

Secret Versions:
Version│Status │Loaded  │Created              
      2│active │loaded  │8/9/2023, 12:59:26 PM
      1│deleted│unloaded│9/2/2022, 11:46:36 AM
"
`;
