// Jest Snapshot v1, https://goo.gl/fbAQLP

exports[`frodo esv secret version list "frodo esv secret version list --secret-id": should list the versions of the esv secret "esv-test-secret" 1`] = `
"Version│Status │Loaded  │Created              
      2│active │loaded  │8/9/2023, 12:59:26 PM
      1│deleted│unloaded│9/2/2022, 11:46:36 AM
"
`;

exports[`frodo esv secret version list "frodo esv secret version list -i esv-test-secret": should list the versions of the esv secret "esv-test-secret" 1`] = `
"Version│Status │Loaded  │Created              
      2│active │loaded  │8/9/2023, 12:59:26 PM
      1│deleted│unloaded│9/2/2022, 11:46:36 AM
"
`;
